
> fuelup@0.1.0 build
> next build

Γû▓ Next.js 16.1.6 (Turbopack)
- Environments: .env.local

node.exe : ΓÜá The 
"middleware" file convention 
is deprecated. Please use 
"proxy" instead. Learn more: 
https://nextjs.org/docs/messa
ges/middleware-to-proxy
At line:1 char:1
+ & "D:\/node.exe" "D:\/node_
modules/npm/bin/npm-cli.js" 
run build
+ ~~~~~~~~~~~~~~~~~~~~~~~~~~~
~~~~~~~~~~~~~~~~~~~~~~~~~~~~~
~~~~~~~~
    + CategoryInfo           
   : NotSpecifi    ed: (ΓÜá 
The "midd    
le...leware-to-pro    
xy:String) [], Rem    
oteException
    + FullyQualifiedEr    
rorId : NativeComm    
andError
 
  Creating an optimized production build ...
Γ£ô Compiled successfully in 8.9s
  Running TypeScript ...
  Collecting page data using 15 workers ...
  Generating static pages using 15 workers (0/16) ...
The width(-1) and height(-1) 
of chart should be greater 
than 0,
       please check the 
style of container, or the 
props width(100%) and 
height(100%),
       or add a minWidth(0) 
or minHeight(undefined) or 
use aspect(undefined) to 
control the
       height and width.
The width(-1) and height(-1) 
of chart should be greater 
than 0,
       please check the 
style of container, or the 
props width(100%) and 
height(100%),
       or add a minWidth(0) 
or minHeight(undefined) or 
use aspect(undefined) to 
control the
       height and width.
The width(-1) and height(-1) 
of chart should be greater 
than 0,
       please check the 
style of container, or the 
props width(100%) and 
height(100%),
       or add a minWidth(0) 
or minHeight(undefined) or 
use aspect(undefined) to 
control the
       height and width.
The width(-1) and height(-1) 
of chart should be greater 
than 0,
       please check the 
style of container, or the 
props width(100%) and 
height(100%),
       or add a minWidth(0) 
or minHeight(undefined) or 
use aspect(undefined) to 
control the
       height and width.
The width(-1) and height(-1) 
of chart should be greater 
than 0,
       please check the 
style of container, or the 
props width(100%) and 
height(100%),
       or add a minWidth(0) 
or minHeight(undefined) or 
use aspect(undefined) to 
control the
       height and width.
The width(-1) and height(-1) 
of chart should be greater 
than 0,
       please check the 
style of container, or the 
props width(100%) and 
height(100%),
       or add a minWidth(0) 
or minHeight(undefined) or 
use aspect(undefined) to 
control the
       height and width.
The width(-1) and height(-1) 
of chart should be greater 
than 0,
       please check the 
style of container, or the 
props width(100%) and 
height(100%),
       or add a minWidth(0) 
or minHeight(undefined) or 
use aspect(undefined) to 
control the
       height and width.
The width(-1) and height(-1) 
of chart should be greater 
than 0,
       please check the 
style of container, or the 
props width(100%) and 
height(100%),
       or add a minWidth(0) 
or minHeight(undefined) or 
use aspect(undefined) to 
control the
       height and width.
  Generating static pages using 15 workers (4/16) 
  Generating static pages using 15 workers (8/16) 
  Generating static pages using 15 workers (12/16) 
Γ£ô Generating static pages using 15 workers (16/16) in 457.9ms
  Finalizing page optimization ...

Route (app)
Γöî Γùï /
Γö£ Γùï /_not-found
Γö£ ╞Æ /api/fuel-prices
Γö£ ╞Æ /api/fuel-stations/nearby
Γö£ ╞Æ /auth/callback
Γö£ Γùï /dashboard
Γö£ Γùï /fuel
Γö£ Γùï /insights
Γö£ Γùï /login
Γö£ Γùï /maintenance
Γö£ Γùï /map
Γö£ Γùï /settings
Γö£ Γùï /trips
Γö£ Γùï /vehicles
Γöö Γùï /vehicles/add


╞Æ Proxy (Middleware)

Γùï  (Static)   prerendered as static content
╞Æ  (Dynamic)  server-rendered on demand

